<html>
<body>
<pre>
<h1>µVision Build Log</h1>
<h2>Tool Versions:</h2>
IDE-Version: ¦ÌVision V5.36.0.0
Copyright (C) 2021 ARM Ltd and ARM Germany GmbH. All rights reserved.
License Information: m yj, mm, LIC=QF82M-XWU2V-FWF2N-YDCM3-HQE6C-ZX0J7
 
Tool Versions:
Toolchain:       MDK-ARM Plus  Version: 5.36.0.0
Toolchain Path:  C:\Keil_v5\ARM\ARMCC\Bin
C Compiler:      Armcc.exe V5.06 update 7 (build 960)
Assembler:       Armasm.exe V5.06 update 7 (build 960)
Linker/Locator:  ArmLink.exe V5.06 update 7 (build 960)
Library Manager: ArmAr.exe V5.06 update 7 (build 960)
Hex Converter:   FromElf.exe V5.06 update 7 (build 960)
CPU DLL:         SARMCM3.DLL V5.36.0.0
Dialog DLL:      DCM.DLL V1.17.3.0
Target DLL:      STLink\ST-LINKIII-KEIL_SWO.dll V3.0.9.0
Dialog DLL:      TCM.DLL V1.53.0.0
 
<h2>Project:</h2>
D:\user\project\E_BIKE\UPPER\E_BIKE_upper_software\Projects\MDK-ARM\atk_f103.uvprojx
Project File Date:  08/04/2024

<h2>Output:</h2>
*** Using Compiler 'V5.06 update 7 (build 960)', folder: 'C:\Keil_v5\ARM\ARMCC\Bin'
Build target 'E_BIKE'
assembling startup_stm32f103xe.s...
compiling system_stm32f1xx.c...
compiling sys.c...
compiling stm32f1xx_it.c...
compiling task_out_light.c...
compiling delay.c...
compiling usart.c...
compiling stm32f1xx_hal.c...
compiling task_freq.c...
compiling task_adc.c...
compiling freertos_demo.c...
..\..\User\freertos_demo.c(295): warning:  #177-D: variable "s_mode"  was declared but never referenced
      uint8_t s_mode = 0;
..\..\User\freertos_demo.c(296): warning:  #177-D: variable "t"  was declared but never referenced
      uint32_t t = 0;
..\..\User\freertos_demo.c(297): warning:  #177-D: variable "count_error"  was declared but never referenced
      uint32_t count_error = 0;
..\..\User\freertos_demo.c(298): warning:  #177-D: variable "get_num"  was declared but never referenced
      uint8_t get_num = 0;
..\..\User\freertos_demo.c(299): warning:  #177-D: variable "get_stack"  was declared but never referenced
      UBaseType_t  get_stack;
..\..\User\freertos_demo.c(300): warning:  #177-D: variable "get_lvgl_mem"  was declared but never referenced
      lv_mem_monitor_t get_lvgl_mem;
..\..\User\freertos_demo.c(301): warning:  #177-D: variable "get_data"  was declared but never referenced
      rs485_typedef  get_data = {NULL};
..\..\User\freertos_demo.c: 7 warnings, 0 errors
compiling main.c...
compiling task_out_rs485.c...
compiling stm32f1xx_hal_iwdg.c...
compiling stm32f1xx_hal_gpio.c...
compiling stm32f1xx_hal_dma.c...
compiling stm32f1xx_hal_exti.c...
compiling stm32f1xx_hal_gpio_ex.c...
compiling stm32f1xx_hal_cortex.c...
compiling stm32f1xx_hal_usart.c...
compiling stm32f1xx_hal_wwdg.c...
compiling stm32f1xx_hal_uart.c...
compiling stm32f1xx_hal_rcc_ex.c...
compiling stm32f1xx_hal_rcc.c...
compiling stm32f1xx_hal_tim.c...
compiling stm32f1xx_hal_tim_ex.c...
compiling stm32f1xx_hal_i2s.c...
compiling myiic.c...
compiling stm32f1xx_ll_fsmc.c...
compiling mpu6050.c...
compiling stm32f1xx_hal_sram.c...
compiling stm32f1xx_hal_adc.c...
compiling stm32f1xx_hal_flash.c...
compiling stm32f1xx_hal_pwr.c...
compiling stm32f1xx_hal_adc_ex.c...
compiling stm32f1xx_hal_flash_ex.c...
compiling stm32f1xx_hal_spi.c...
compiling event_groups.c...
compiling timer_pwm.c...
compiling adc.c...
compiling stmflash.c...
compiling rs485.c...
compiling key.c...
compiling croutine.c...
compiling lv_port_fs_template.c...
compiling lv_disp.c...
compiling list.c...
compiling queue.c...
compiling st7789.c...
compiling stream_buffer.c...
compiling lv_event.c...
compiling lv_group.c...
compiling lv_indev.c...
compiling lv_indev_scroll.c...
compiling lv_obj.c...
compiling lv_obj_class.c...
compiling lv_obj_draw.c...
compiling lv_obj_pos.c...
compiling lv_obj_scroll.c...
compiling lv_obj_style.c...
compiling lv_obj_style_gen.c...
compiling lv_obj_tree.c...
compiling lv_draw.c...
compiling lv_draw_arc.c...
compiling lv_theme.c...
compiling lv_refr.c...
compiling pwr.c...
compiling lv_draw_img.c...
compiling lv_draw_rect.c...
compiling lv_draw_line.c...
compiling lv_draw_triangle.c...
compiling lv_draw_label.c...
compiling lv_img_buf.c...
compiling lv_img_cache.c...
compiling lv_draw_mask.c...
compiling lv_draw_sw.c...
compiling lv_img_decoder.c...
compiling lv_draw_sw_arc.c...
compiling lv_draw_sw_dither.c...
compiling lv_draw_sw_gradient.c...
compiling lv_draw_sw_img.c...
compiling lv_draw_sw_blend.c...
compiling lv_draw_sw_letter.c...
compiling lv_draw_sw_line.c...
compiling lv_draw_sw_polygon.c...
compiling lv_gridnav.c...
compiling lv_flex.c...
compiling lv_grid.c...
compiling lv_snapshot.c...
compiling lv_draw_sw_rect.c...
compiling lv_monkey.c...
compiling lv_theme_basic.c...
compiling lv_calendar_header_arrow.c...
compiling lv_animimg.c...
compiling lv_calendar.c...
compiling lv_theme_mono.c...
compiling lv_theme_default.c...
compiling lv_calendar_header_dropdown.c...
compiling lv_chart.c...
compiling lv_keyboard.c...
compiling lv_colorwheel.c...
compiling lv_imgbtn.c...
compiling lv_led.c...
compiling lv_list.c...
compiling lv_menu.c...
compiling lv_meter.c...
compiling lv_msgbox.c...
compiling lv_spinbox.c...
compiling lv_spinner.c...
compiling lv_tileview.c...
compiling lv_span.c...
compiling lv_tabview.c...
compiling lv_win.c...
compiling lv_gpu_stm32_dma2d.c...
compiling lv_draw_sdl_arc.c...
compiling lv_draw_sdl.c...
compiling lv_extra.c...
compiling lv_draw_sdl_bg.c...
compiling lv_draw_sdl_composite.c...
compiling lv_draw_sdl_img.c...
compiling lv_draw_sdl_label.c...
compiling lv_draw_sdl_line.c...
compiling lv_draw_sdl_mask.c...
compiling lv_draw_sdl_polygon.c...
compiling heap_4.c...
compiling lv_draw_sdl_rect.c...
compiling lv_draw_sdl_stack_blur.c...
compiling port.c...
compiling lv_draw_sdl_texture_cache.c...
compiling lv_draw_sdl_utils.c...
compiling lv_font.c...
compiling lv_port_disp_template.c...
compiling timers.c...
compiling lv_font_dejavu_16_persian_hebrew.c...
compiling lv_font_fmt_txt.c...
compiling lv_font_montserrat_8.c...
compiling lv_font_montserrat_10.c...
compiling lv_font_montserrat_12.c...
compiling lv_font_montserrat_12_subpx.c...
compiling lv_font_montserrat_14.c...
compiling lv_font_loader.c...
compiling tasks.c...
compiling lv_port_indev_template.c...
compiling lv_font_montserrat_20.c...
compiling lv_font_montserrat_16.c...
compiling lv_font_montserrat_22.c...
compiling lv_font_montserrat_18.c...
compiling lv_font_montserrat_26.c...
compiling lv_font_montserrat_24.c...
compiling lv_font_montserrat_28.c...
compiling lv_font_montserrat_30.c...
compiling lv_font_montserrat_28_compressed.c...
compiling lv_font_montserrat_32.c...
compiling lv_font_montserrat_34.c...
compiling lv_font_montserrat_36.c...
compiling lv_font_montserrat_38.c...
compiling lv_font_montserrat_40.c...
compiling lv_font_montserrat_44.c...
compiling lv_font_montserrat_42.c...
compiling lv_font_montserrat_46.c...
compiling lv_font_montserrat_48.c...
compiling lv_font_unscii_8.c...
compiling lv_anim_timeline.c...
compiling lv_font_unscii_16.c...
compiling lv_hal_disp.c...
compiling lv_font_simsun_16_cjk.c...
compiling lv_async.c...
compiling lv_hal_indev.c...
compiling lv_anim.c...
compiling lv_area.c...
compiling lv_bidi.c...
compiling lv_log.c...
compiling lv_gc.c...
compiling lv_ll.c...
compiling lv_color.c...
compiling lv_lru.c...
compiling lv_fs.c...
compiling lv_math.c...
compiling lv_templ.c...
compiling lv_mem.c...
compiling lv_style.c...
compiling lv_printf.c...
compiling lv_timer.c...
compiling lv_utils.c...
compiling lv_style_gen.c...
compiling lv_txt_ap.c...
compiling lv_tlsf.c...
compiling lv_txt.c...
compiling lv_btn.c...
compiling lv_line.c...
compiling lv_arc.c...
compiling lv_objx_templ.c...
compiling lv_bar.c...
compiling lv_checkbox.c...
compiling lv_canvas.c...
compiling lv_btnmatrix.c...
compiling lv_img.c...
compiling lv_dropdown.c...
compiling lv_label.c...
compiling lv_switch.c...
compiling lv_roller.c...
compiling lv_slider.c...
compiling my_num_35.c...
compiling my_font_16.c...
compiling lv_table.c...
compiling lv_textarea.c...
compiling bl_1.c...
compiling my_num_24.c...
compiling bl_4.c...
compiling bl_0.c...
compiling lv_hal_tick.c...
compiling my_gui.c...
..\..\Middlewares\LVGL\GUI_APP\my_gui.c(71): warning:  #550-D: variable "tab4"  was set but never used
  static lv_obj_t* tab4;
..\..\Middlewares\LVGL\GUI_APP\my_gui.c: 1 warning, 0 errors
linking...
Program Size: Code=161602 RO-data=147082 RW-data=724 ZI-data=62804  
FromELF: creating hex file...
"..\..\Output\atk_f103.axf" - 0 Error(s), 8 Warning(s).

<h2>Software Packages used:</h2>

Package Vendor: Keil
                https://www.keil.com/pack/Keil.STM32F1xx_DFP.2.4.1.pack
                Keil.STM32F1xx_DFP.2.4.1
                STMicroelectronics STM32F1 Series Device Support, Drivers and Examples

<h2>Collection of Component include folders:</h2>
  C:\Users\MYJ\AppData\Local\Arm\Packs\Keil\STM32F1xx_DFP\2.4.1\Device\Include

<h2>Collection of Component Files used:</h2>
Build Time Elapsed:  00:00:38
</pre>
</body>
</html>
